Added Component: Designator=2(MAX7219 FC-16 8x8)
Added Component: Designator=B1(Battery)
Added Component: Designator=Display1(TFT_2.8)
Added Component: Designator=ESP1(ESP32-WROOM-3)
Added Component: Designator=MH-M1(MH-M38)
Added Component: Designator=STM1(STM32-NUCLEO)
Added Pin To Net: NetName=3V3 Pin=Display1-1
Added Pin To Net: NetName=3V3 Pin=Display1-5
Added Pin To Net: NetName=3V3 Pin=ESP1-15
Added Pin To Net: NetName=3V3 Pin=ESP1-30
Added Pin To Net: NetName=3V3 Pin=STM1-31
Added Pin To Net: NetName=3V3 Pin=STM1-50
Added Net: Name=3V3
Added Pin To Net: NetName=5V Pin=2-1
Added Pin To Net: NetName=5V Pin=MH-M1-6
Added Pin To Net: NetName=5V Pin=STM1-30
Added Pin To Net: NetName=5V Pin=STM1-36
Added Pin To Net: NetName=5V Pin=STM1-49
Added Net: Name=5V
Added Pin To Net: NetName=12V Pin=B1-1
Added Net: Name=12V
Added Pin To Net: NetName=CS_DISPLAY Pin=Display1-11
Added Pin To Net: NetName=CS_DISPLAY Pin=STM1-80
Added Net: Name=CS_DISPLAY
Added Pin To Net: NetName=CSO Pin=ESP1-23
Added Pin To Net: NetName=CSO Pin=STM1-23
Added Net: Name=CSO
Added Pin To Net: NetName=GND Pin=2-2
Added Pin To Net: NetName=GND Pin=B1-2
Added Pin To Net: NetName=GND Pin=Display1-2
Added Pin To Net: NetName=GND Pin=ESP1-14
Added Pin To Net: NetName=GND Pin=ESP1-29
Added Pin To Net: NetName=GND Pin=MH-M1-7
Added Pin To Net: NetName=GND Pin=STM1-10
Added Pin To Net: NetName=GND Pin=STM1-28
Added Pin To Net: NetName=GND Pin=STM1-29
Added Pin To Net: NetName=GND Pin=STM1-35
Added Pin To Net: NetName=GND Pin=STM1-47
Added Pin To Net: NetName=GND Pin=STM1-48
Added Pin To Net: NetName=GND Pin=STM1-57
Added Pin To Net: NetName=GND Pin=STM1-76
Added Pin To Net: NetName=GND Pin=STM1-94
Added Pin To Net: NetName=GND Pin=STM1-100
Added Net: Name=GND
Added Pin To Net: NetName=MISO Pin=ESP1-21
Added Pin To Net: NetName=MISO Pin=STM1-78
Added Net: Name=MISO
Added Pin To Net: NetName=MISO_DISPLAY Pin=Display1-9
Added Pin To Net: NetName=MISO_DISPLAY Pin=STM1-96
Added Net: Name=MISO_DISPLAY
Added Pin To Net: NetName=MOSI Pin=ESP1-16
Added Pin To Net: NetName=MOSI Pin=STM1-79
Added Net: Name=MOSI
Added Pin To Net: NetName=MOSI_DISPLAY Pin=Display1-6
Added Pin To Net: NetName=MOSI_DISPLAY Pin=STM1-97
Added Net: Name=MOSI_DISPLAY
Added Pin To Net: NetName=Net*1_- Pin=MH-M1-3
Added Net: Name=Net*1_-
Added Pin To Net: NetName=Net*1_+ Pin=MH-M1-4
Added Net: Name=Net*1_+
Added Pin To Net: NetName=Net*_- Pin=MH-M1-1
Added Net: Name=Net*_-
Added Pin To Net: NetName=Net*_+ Pin=MH-M1-2
Added Net: Name=Net*_+
Added Pin To Net: NetName=NetLabel24 Pin=2-3
Added Net: Name=NetLabel24
Added Pin To Net: NetName=NetLabel25 Pin=2-4
Added Net: Name=NetLabel25
Added Pin To Net: NetName=NetLabel26 Pin=2-5
Added Net: Name=NetLabel26
Added Pin To Net: NetName=SCK Pin=ESP1-22
Added Pin To Net: NetName=SCK Pin=STM1-77
Added Net: Name=SCK
Added Pin To Net: NetName=SCK_DISPLAY Pin=Display1-7
Added Pin To Net: NetName=SCK_DISPLAY Pin=STM1-95
Added Net: Name=SCK_DISPLAY
Added Class: Name=Power
